2026-05-27 11:36:58,713 | INFO | Loading engagement counts from data/raw/youtube_batches.jsonl
2026-05-27 11:37:01,823 | INFO | Loading semantic features from data/processed/semantic_features_raw.jsonl
2026-05-27 11:47:51,747 | INFO | Loading engagement counts from data/raw/youtube_batches.jsonl
2026-05-27 11:47:54,850 | INFO | Loading semantic features from data/processed/semantic_features_raw.jsonl
2026-05-27 11:51:37,648 | INFO | Loading engagement counts from data/raw/youtube_batches.jsonl
2026-05-27 11:51:40,758 | INFO | Loading semantic features from data/processed/semantic_features_raw.jsonl
2026-05-27 11:51:40,760 | INFO | Loaded 553 semantic records; 0 with valid JSON (0.0%)
2026-05-27 11:51:40,760 | INFO | Total unique movie IDs: 553
2026-05-27 11:51:40,767 | INFO | Movies with ≥1 valid semantic batch: 0 / 553 (0.0%)
2026-05-27 11:51:40,772 | INFO | Saved movie-level semantic features to data/processed/movie_semantic_features.csv (553 rows, 25 cols)
2026-05-27 11:51:40,772 | INFO | Columns: ['movie_id', 'title', 'comment_count', 'batch_count', 'valid_batch_count', 'hype_mean', 'hype_std', 'skepticism_mean', 'skepticism_std', 'purchase_intent_mean', 'purchase_intent_std', 'sequel_fatigue_mean', 'sequel_fatigue_std', 'nostalgia_mean', 'nostalgia_std', 'controversy_mean', 'controversy_std', 'cast_interest_mean', 'cast_interest_std', 'vfx_excitement_mean', 'vfx_excitement_std', 'story_confusion_mean', 'story_confusion_std', 'positive_sentiment_mean', 'positive_sentiment_std']
2026-05-27 18:27:48,265 | INFO | Loading engagement counts from data/raw/youtube_batches.jsonl
2026-05-27 18:27:51,233 | INFO | Loading semantic features from /gpfs/home/krischow/semantic_features_raw_test.jsonl
2026-05-27 18:27:51,233 | INFO | Loaded 5 semantic records; 3 with valid JSON (60.0%)
2026-05-27 18:27:51,233 | INFO | Total unique movie IDs: 553
2026-05-27 18:27:51,238 | INFO | Movies with ≥1 valid semantic batch: 3 / 553 (0.5%)
2026-05-27 18:27:51,245 | INFO | Saved movie-level semantic features to /gpfs/home/krischow/movie_semantic_features_test.csv (553 rows, 25 cols)
2026-05-27 18:27:51,245 | INFO | Columns: ['movie_id', 'title', 'comment_count', 'batch_count', 'valid_batch_count', 'hype_mean', 'hype_std', 'skepticism_mean', 'skepticism_std', 'purchase_intent_mean', 'purchase_intent_std', 'sequel_fatigue_mean', 'sequel_fatigue_std', 'nostalgia_mean', 'nostalgia_std', 'controversy_mean', 'controversy_std', 'cast_interest_mean', 'cast_interest_std', 'vfx_excitement_mean', 'vfx_excitement_std', 'story_confusion_mean', 'story_confusion_std', 'positive_sentiment_mean', 'positive_sentiment_std']
2026-06-02 20:00:52,478 | INFO | Loading engagement counts from data/raw/youtube_batches.jsonl
2026-06-02 20:00:55,444 | INFO | Loading semantic features from /gpfs/home/krischow/semantic_features_fixed_test.jsonl
2026-06-02 20:00:55,445 | INFO | Loaded 10 semantic records; 3 with valid JSON (30.0%)
2026-06-02 20:00:55,445 | INFO | Total unique movie IDs: 553
2026-06-02 20:00:55,450 | INFO | Movies with ≥1 valid semantic batch: 3 / 553 (0.5%)
2026-06-02 20:00:55,455 | INFO | Saved movie-level semantic features to /gpfs/home/krischow/movie_semantic_features_fixed_test.csv (553 rows, 25 cols)
2026-06-02 20:00:55,455 | INFO | Columns: ['movie_id', 'title', 'comment_count', 'batch_count', 'valid_batch_count', 'hype_mean', 'hype_std', 'skepticism_mean', 'skepticism_std', 'purchase_intent_mean', 'purchase_intent_std', 'sequel_fatigue_mean', 'sequel_fatigue_std', 'nostalgia_mean', 'nostalgia_std', 'controversy_mean', 'controversy_std', 'cast_interest_mean', 'cast_interest_std', 'vfx_excitement_mean', 'vfx_excitement_std', 'story_confusion_mean', 'story_confusion_std', 'positive_sentiment_mean', 'positive_sentiment_std']
2026-06-02 20:08:03,972 | INFO | Loading engagement counts from data/raw/youtube_batches.jsonl
2026-06-02 20:08:06,917 | INFO | Loading semantic features from /gpfs/home/krischow/semantic_features_7b_test.jsonl
2026-06-02 20:08:06,919 | INFO | Loaded 20 semantic records; 20 with valid JSON (100.0%)
2026-06-02 20:08:06,919 | INFO | Total unique movie IDs: 553
2026-06-02 20:08:06,924 | INFO | Movies with ≥1 valid semantic batch: 20 / 553 (3.6%)
2026-06-02 20:08:06,929 | INFO | Saved movie-level semantic features to /gpfs/home/krischow/movie_semantic_features_7b_test.csv (553 rows, 25 cols)
2026-06-02 20:08:06,929 | INFO | Columns: ['movie_id', 'title', 'comment_count', 'batch_count', 'valid_batch_count', 'hype_mean', 'hype_std', 'skepticism_mean', 'skepticism_std', 'purchase_intent_mean', 'purchase_intent_std', 'sequel_fatigue_mean', 'sequel_fatigue_std', 'nostalgia_mean', 'nostalgia_std', 'controversy_mean', 'controversy_std', 'cast_interest_mean', 'cast_interest_std', 'vfx_excitement_mean', 'vfx_excitement_std', 'story_confusion_mean', 'story_confusion_std', 'positive_sentiment_mean', 'positive_sentiment_std']
2026-06-03 11:43:30,136 | INFO | Loading engagement counts from data/raw/youtube_batches.jsonl
2026-06-03 11:43:33,070 | INFO | Loading semantic features from data/processed/semantic_features_raw.jsonl
2026-06-03 11:43:33,075 | INFO | Loaded 553 semantic records; 544 with valid JSON (98.4%)
2026-06-03 11:43:33,075 | INFO | Total unique movie IDs: 553
2026-06-03 11:43:33,085 | INFO | Movies with ≥1 valid semantic batch: 544 / 553 (98.4%)
2026-06-03 11:43:33,093 | INFO | Saved movie-level semantic features to data/processed/movie_semantic_features.csv (553 rows, 25 cols)
2026-06-03 11:43:33,093 | INFO | Columns: ['movie_id', 'title', 'comment_count', 'batch_count', 'valid_batch_count', 'hype_mean', 'hype_std', 'skepticism_mean', 'skepticism_std', 'purchase_intent_mean', 'purchase_intent_std', 'sequel_fatigue_mean', 'sequel_fatigue_std', 'nostalgia_mean', 'nostalgia_std', 'controversy_mean', 'controversy_std', 'cast_interest_mean', 'cast_interest_std', 'vfx_excitement_mean', 'vfx_excitement_std', 'story_confusion_mean', 'story_confusion_std', 'positive_sentiment_mean', 'positive_sentiment_std']
